// Jest Snapshot v1, https://goo.gl/fbAQLP

exports[`<Home /> render Home 1`] = `
<div>
  <section
    class="PageContent"
  >
    Some page content
  </section>
</div>
`;
