// Jest Snapshot v1, https://goo.gl/fbAQLP

exports[`<Products /> render Products 1`] = `<div />`;
