// Jest Snapshot v1, https://goo.gl/fbAQLP

exports[`<Search /> renders 1`] = `
<body>
  <div>
    <div
      class="Search box"
    >
      <input
        placeholder="test SEARCH"
        type="text"
      />
    </div>
  </div>
</body>
`;
