// Jest Snapshot v1, https://goo.gl/fbAQLP

exports[`<ProductsProvider /> render Products 1`] = `<div />`;
